// Jest Snapshot v1, https://goo.gl/fbAQLP

exports[`should render ExpenseList with empty message 1`] = `
<div>
  <p>
     No expenses
  </p>
</div>
`;

exports[`should render ExpenseList with expenses 1`] = `
<div>
  <Component
    amount={300}
    createdAt={-345600000}
    description="Coffee"
    id="1"
    key="1"
    note=""
  />
  <Component
    amount={1095}
    createdAt={0}
    description="Rent"
    id="2"
    key="2"
    note=""
  />
  <Component
    amount={500}
    createdAt={345600000}
    description="Gas bill"
    id="3"
    key="3"
    note=""
  />
</div>
`;
